<?xml version="1.0" encoding="UTF-8"?>
<TestRun id="fb3d97f0-11f3-4082-90ba-cac1fba5a83f" name="César@CESAR 2013-11-26 21:15:48" runUser="CESAR\César" xmlns="http://microsoft.com/schemas/VisualStudio/TeamTest/2010">
  <TestSettings name="Default Test Settings" id="576e8fce-8284-40fe-a7b7-7c9389467e43">
    <Deployment runDeploymentRoot="César_CESAR 2013-11-26 21_15_48">
      <DeploymentItem filename="D:\GoogleCode\SGI 1.0\Aplicacion\Source\Business Layer\GestionInmobiliaria.BusinessEntity\bin\Debug\GestionInmobiliaria.BusinessEntity.dll" />
    </Deployment>
    <Execution>
      <TestTypeSpecific />
      <AgentRule name="Execution Agents">
      </AgentRule>
    </Execution>
  </TestSettings>
  <Times creation="2013-11-26T21:15:48.9181009-05:00" queuing="2013-11-26T21:15:54.4327237-05:00" start="2013-11-26T21:15:54.4667523-05:00" finish="2013-11-26T21:15:58.9675274-05:00" />
  <ResultSummary outcome="Failed">
    <Counters total="1" executed="1" error="0" failed="1" timeout="0" aborted="0" inconclusive="0" passedButRunAborted="0" notRunnable="0" notExecuted="0" disconnected="0" warning="0" passed="0" completed="0" inProgress="0" pending="0" />
  </ResultSummary>
  <TestDefinitions>
    <UnitTest name="ModificarTest" storage="d:\googlecode\sgi 1.0\aplicacion\source\tests\gestioninmobiliaria.restservices.tests\bin\debug\gestioninmobiliaria.restservices.tests.dll" id="05db7b65-e27e-f630-133f-eae1a4597814">
      <Execution id="84f4c850-3398-4e2f-8c02-d8dc3bb755cd" />
      <TestMethod codeBase="D:/GoogleCode/SGI 1.0/Aplicacion/Source/Tests/GestionInmobiliaria.RESTServices.Tests/bin/Debug/GestionInmobiliaria.RESTServices.Tests.DLL" adapterTypeName="Microsoft.VisualStudio.TestTools.TestTypes.Unit.UnitTestAdapter, Microsoft.VisualStudio.QualityTools.Tips.UnitTest.Adapter, Version=10.0.0.0, Culture=neutral, PublicKeyToken=b03f5f7f11d50a3a" className="GestionInmobiliaria.RESTServices.Tests.UnidadInmobiliariasTest, GestionInmobiliaria.RESTServices.Tests, Version=1.0.0.0, Culture=neutral, PublicKeyToken=null" name="ModificarTest" />
    </UnitTest>
  </TestDefinitions>
  <TestLists>
    <TestList name="Results Not in a List" id="8c84fa94-04c1-424b-9868-57a2d4851a1d" />
    <TestList name="All Loaded Results" id="19431567-8539-422a-85d7-44ee4e166bda" />
  </TestLists>
  <TestEntries>
    <TestEntry testId="05db7b65-e27e-f630-133f-eae1a4597814" executionId="84f4c850-3398-4e2f-8c02-d8dc3bb755cd" testListId="8c84fa94-04c1-424b-9868-57a2d4851a1d" />
  </TestEntries>
  <Results>
    <UnitTestResult executionId="84f4c850-3398-4e2f-8c02-d8dc3bb755cd" testId="05db7b65-e27e-f630-133f-eae1a4597814" testName="ModificarTest" computerName="CESAR" duration="00:00:02.0009556" startTime="2013-11-26T21:15:54.5047870-05:00" endTime="2013-11-26T21:15:58.3570550-05:00" testType="13cdc9d9-ddb5-4fa4-a97d-d965ccfc6d4b" outcome="Failed" testListId="8c84fa94-04c1-424b-9868-57a2d4851a1d" relativeResultsDirectory="84f4c850-3398-4e2f-8c02-d8dc3bb755cd">
      <Output>
        <ErrorInfo>
          <Message>Error de Assert.AreEqual. Se esperaba &lt;AV. MEXICO N° 598&gt;, pero es &lt;AV. MEXICO 785&gt;. </Message>
          <StackTrace>   en GestionInmobiliaria.RESTServices.Tests.UnidadInmobiliariasTest.ModificarTest() en D:\GoogleCode\SGI 1.0\Aplicacion\Source\Tests\GestionInmobiliaria.RESTServices.Tests\UnidadInmobiliariasTest.cs:línea 143
</StackTrace>
        </ErrorInfo>
      </Output>
    </UnitTestResult>
  </Results>
</TestRun>